PASS Contemplate-accumulation
PASS Contemplate-expenditure
PASS Act-accumulation
PASS Act-expenditure
PASS Commune-accumulation
PASS Commune-expenditure
PASS Integrate-accumulation
PASS Integrate-expenditure
PASS Express-accumulation
PASS Express-expenditure
PASS Embody-accumulation
PASS Embody-expenditure
PASS Theorize-accumulation
PASS Theorize-expenditure
PASS Understand-accumulation
PASS Understand-expenditure
PASS Apply-accumulation
PASS Apply-expenditure
PASS Organize-accumulation
PASS Organize-expenditure
PASS Share-accumulation
PASS Share-expenditure
PASS Coordinate-accumulation
PASS Coordinate-expenditure
PASS Identify-accumulation
PASS Identify-expenditure
PASS Mobilize-accumulation
PASS Mobilize-expenditure
PASS Institutionalize-accumulation
PASS Institutionalize-expenditure
PASS Educate-accumulation
PASS Educate-expenditure
