RECONSTRUCTED 24
RECONSTRUCTED 48
RECONSTRUCTED 72
RECONSTRUCTED 96
RECONSTRUCTED 120
RECONSTRUCTED 144
RECONSTRUCTED 168
RECONSTRUCTED 192
PASS independently reconstructed 192 new native comparisons and six negative worlds
RECONSTRUCTED canonical normal
RECONSTRUCTED canonical cancelled-child
RECONSTRUCTED canonical membership-change
RECONSTRUCTED canonical withdrawal
RECONSTRUCTED workflow normal
RECONSTRUCTED workflow failed-child
RECONSTRUCTED workflow membership-change
RECONSTRUCTED workflow participant-withdrawal
PASS eight fresh parent scenarios and six real forged-success rejections
{"passed": true, "actual_audit_rejections": {"status_forgery": "event does not describe its operation", "iee_paid_bypass": "workflow interruption escaped first boundary", "sli_paid_bypass": "workflow interruption escaped first boundary"}, "status_mutations": 1, "paid_bypass_pairs": 2, "participant_replay": false, "claim": "Forged cancelled-success status and real fully paid recurrent interruption bypass are separately rejected"}
PASS inspector 32 cells, filters, reset and raw evidence
{"passed": true, "source_members": 3221, "historical_members_delivered": 15993, "fresh_members": 4284, "frozen_files": 1381, "historical_ledger_objects": 739, "raw_manifests": {"evidence/FB6.2/Raw_SHA256.json": 3465, "evidence/Corrective1/Raw_SHA256.json": 28, "evidence/Corrective2/Raw_SHA256.json": 791, "evidence/Corrective3/Raw_SHA256.json": 35}, "jobs": 54, "methods": 742, "independent_corrected_raw_audits": true, "original_execution_paths_preserved": true, "inspector_cells": 32, "inspector_verified_links": 1312, "inspector_filters": true, "phase_7_authorized": false, "pixel_rendering_verified": false}
