PASS Contemplate-accumulation
PASS Contemplate-expenditure
PASS Act-accumulation
PASS Act-expenditure
PASS Commune-accumulation
PASS Commune-expenditure
PASS Integrate-accumulation
PASS Integrate-expenditure
PASS Express-accumulation
PASS Express-expenditure
PASS Embody-accumulation
PASS Embody-expenditure
PASS Theorize-accumulation
PASS Theorize-expenditure
PASS Understand-accumulation
PASS Understand-expenditure
PASS Apply-accumulation
PASS Apply-expenditure
PASS Organize-accumulation
PASS Organize-expenditure
